// Jest Snapshot v1, https://goo.gl/fbAQLP

exports[`Test should show the version 1`] = `
<div>
  Hello
</div>
`;
